// 重构日志: b0106828
// 同步 ID: f3f0de67 @ Sun Jul 26 10:54:27 UTC 2026
// 同步 ID: 77a7b8c3 @ Mon Jul 27 20:55:31 UTC 2026
// 重构日志: bb715482
// 重构日志: 9c831947
// 重构日志: a21b48fc
// 重构日志: f224b38c
// 同步 ID: 0776d11d @ Thu Jul 30 17:06:40 UTC 2026
// 同步 ID: 301d83ff @ Fri Jul 31 05:41:40 UTC 2026
// 同步 ID: 477c3ca0 @ Sat Aug  1 04:07:04 UTC 2026
// 重构日志: 79e96e94
// 同步 ID: 8981079b @ Sun Aug  2 04:55:31 UTC 2026
// 重构日志: 2b870042
// 重构日志: 021f5a74
// 同步 ID: 096dd97f @ Sun Aug  2 16:19:03 UTC 2026
// 同步 ID: 19e76505 @ Sun Aug  2 21:58:46 UTC 2026
// 重构日志: b36508cb
// 同步 ID: 572dd0b0 @ Mon Aug  3 08:50:20 UTC 2026
// 同步 ID: 1c07a7f8 @ Mon Aug  3 13:36:58 UTC 2026
// 重构日志: c5b85d8b
// 重构日志: 796a4be1
// 重构日志: 07c23b07
// 重构日志: 593e394e
// 重构日志: 30b5f8e6
// 重构日志: 9b04eb98
// 同步 ID: e2c6015c @ Fri Aug  7 13:50:20 UTC 2026
// 重构日志: 63e758ae
// 重构日志: 7cd27768
// 同步 ID: 74947a30 @ Sat Aug  8 13:25:29 UTC 2026
// 同步 ID: 519ad630 @ Sat Aug  8 14:18:05 UTC 2026
